---
source: crates/sith_python_parser/tests/fixtures.rs
input_file: crates/sith_python_parser/resources/inline/err/for_stmt_invalid_target.py
---
## AST

```
Module(
    ModModule {
        range: 0..154,
        body: [
            For(
                ForStmt {
                    range: 0..15,
                    is_async: false,
                    target: NumberLiteral(
                        NumberLiteralExpr {
                            range: 4..5,
                            value: Int(
                                1,
                            ),
                        },
                    ),
                    iter: Name(
                        NameExpr {
                            range: 9..10,
                            id: Name("x"),
                            ctx: Load,
                        },
                    ),
                    body: [
                        Expr(
                            ExprStmt {
                                range: 12..15,
                                value: EllipsisLiteral(
                                    EllipsisLiteralExpr {
                                        range: 12..15,
                                    },
                                ),
                            },
                        ),
                    ],
                    orelse: [],
                },
            ),
            For(
                ForStmt {
                    range: 16..33,
                    is_async: false,
                    target: StringLiteral(
                        StringLiteralExpr {
                            range: 20..23,
                            value: StringLiteralValue {
                                inner: Single(
                                    StringLiteral {
                                        range: 20..23,
                                        value: "a",
                                        flags: StringLiteralFlags {
                                            prefix: Empty,
                                            triple_quoted: false,
                                        },
                                    },
                                ),
                            },
                        },
                    ),
                    iter: Name(
                        NameExpr {
                            range: 27..28,
                            id: Name("x"),
                            ctx: Load,
                        },
                    ),
                    body: [
                        Expr(
                            ExprStmt {
                                range: 30..33,
                                value: EllipsisLiteral(
                                    EllipsisLiteralExpr {
                                        range: 30..33,
                                    },
                                ),
                            },
                        ),
                    ],
                    orelse: [],
                },
            ),
            For(
                ForStmt {
                    range: 34..56,
                    is_async: false,
                    target: Starred(
                        StarredExpr {
                            range: 38..46,
                            value: BoolOp(
                                BoolOpExpr {
                                    range: 39..46,
                                    op: And,
                                    values: [
                                        Name(
                                            NameExpr {
                                                range: 39..40,
                                                id: Name("x"),
                                                ctx: Load,
                                            },
                                        ),
                                        Name(
                                            NameExpr {
                                                range: 45..46,
                                                id: Name("y"),
                                                ctx: Load,
                                            },
                                        ),
                                    ],
                                },
                            ),
                            ctx: Store,
                        },
                    ),
                    iter: Name(
                        NameExpr {
                            range: 50..51,
                            id: Name("z"),
                            ctx: Load,
                        },
                    ),
                    body: [
                        Expr(
                            ExprStmt {
                                range: 53..56,
                                value: EllipsisLiteral(
                                    EllipsisLiteralExpr {
                                        range: 53..56,
                                    },
                                ),
                            },
                        ),
                    ],
                    orelse: [],
                },
            ),
            For(
                ForStmt {
                    range: 57..77,
                    is_async: false,
                    target: Starred(
                        StarredExpr {
                            range: 61..67,
                            value: BinOp(
                                BinOpExpr {
                                    range: 62..67,
                                    left: Name(
                                        NameExpr {
                                            range: 62..63,
                                            id: Name("x"),
                                            ctx: Load,
                                        },
                                    ),
                                    op: BitOr,
                                    right: Name(
                                        NameExpr {
                                            range: 66..67,
                                            id: Name("y"),
                                            ctx: Load,
                                        },
                                    ),
                                },
                            ),
                            ctx: Store,
                        },
                    ),
                    iter: Name(
                        NameExpr {
                            range: 71..72,
                            id: Name("z"),
                            ctx: Load,
                        },
                    ),
                    body: [
                        Expr(
                            ExprStmt {
                                range: 74..77,
                                value: EllipsisLiteral(
                                    EllipsisLiteralExpr {
                                        range: 74..77,
                                    },
                                ),
                            },
                        ),
                    ],
                    orelse: [],
                },
            ),
            For(
                ForStmt {
                    range: 78..99,
                    is_async: false,
                    target: Await(
                        AwaitExpr {
                            range: 82..89,
                            value: Name(
                                NameExpr {
                                    range: 88..89,
                                    id: Name("x"),
                                    ctx: Load,
                                },
                            ),
                        },
                    ),
                    iter: Name(
                        NameExpr {
                            range: 93..94,
                            id: Name("z"),
                            ctx: Load,
                        },
                    ),
                    body: [
                        Expr(
                            ExprStmt {
                                range: 96..99,
                                value: EllipsisLiteral(
                                    EllipsisLiteralExpr {
                                        range: 96..99,
                                    },
                                ),
                            },
                        ),
                    ],
                    orelse: [],
                },
            ),
            For(
                ForStmt {
                    range: 100..121,
                    is_async: false,
                    target: Yield(
                        YieldExpr {
                            range: 104..116,
                            value: Some(
                                Compare(
                                    CompareExpr {
                                        range: 110..116,
                                        left: Name(
                                            NameExpr {
                                                range: 110..111,
                                                id: Name("x"),
                                                ctx: Load,
                                            },
                                        ),
                                        ops: [
                                            In,
                                        ],
                                        comparators: [
                                            Name(
                                                NameExpr {
                                                    range: 115..116,
                                                    id: Name("y"),
                                                    ctx: Load,
                                                },
                                            ),
                                        ],
                                    },
                                ),
                            ),
                        },
                    ),
                    iter: Name(
                        NameExpr {
                            range: 116..116,
                            id: Name(""),
                            ctx: Invalid,
                        },
                    ),
                    body: [
                        Expr(
                            ExprStmt {
                                range: 118..121,
                                value: EllipsisLiteral(
                                    EllipsisLiteralExpr {
                                        range: 118..121,
                                    },
                                ),
                            },
                        ),
                    ],
                    orelse: [],
                },
            ),
            For(
                ForStmt {
                    range: 122..153,
                    is_async: false,
                    target: List(
                        ListExpr {
                            range: 126..143,
                            elts: [
                                Name(
                                    NameExpr {
                                        range: 127..128,
                                        id: Name("x"),
                                        ctx: Store,
                                    },
                                ),
                                NumberLiteral(
                                    NumberLiteralExpr {
                                        range: 130..131,
                                        value: Int(
                                            1,
                                        ),
                                    },
                                ),
                                Name(
                                    NameExpr {
                                        range: 133..134,
                                        id: Name("y"),
                                        ctx: Store,
                                    },
                                ),
                                Starred(
                                    StarredExpr {
                                        range: 136..142,
                                        value: List(
                                            ListExpr {
                                                range: 137..142,
                                                elts: [
                                                    StringLiteral(
                                                        StringLiteralExpr {
                                                            range: 138..141,
                                                            value: StringLiteralValue {
                                                                inner: Single(
                                                                    StringLiteral {
                                                                        range: 138..141,
                                                                        value: "a",
                                                                        flags: StringLiteralFlags {
                                                                            prefix: Empty,
                                                                            triple_quoted: false,
                                                                        },
                                                                    },
                                                                ),
                                                            },
                                                        },
                                                    ),
                                                ],
                                                ctx: Store,
                                            },
                                        ),
                                        ctx: Store,
                                    },
                                ),
                            ],
                            ctx: Store,
                        },
                    ),
                    iter: Name(
                        NameExpr {
                            range: 147..148,
                            id: Name("z"),
                            ctx: Load,
                        },
                    ),
                    body: [
                        Expr(
                            ExprStmt {
                                range: 150..153,
                                value: EllipsisLiteral(
                                    EllipsisLiteralExpr {
                                        range: 150..153,
                                    },
                                ),
                            },
                        ),
                    ],
                    orelse: [],
                },
            ),
        ],
    },
)
```
## Errors

  |
1 | for 1 in x: ...
  |     ^ Syntax Error: Invalid assignment target
2 | for "a" in x: ...
3 | for *x and y in z: ...
  |


  |
1 | for 1 in x: ...
2 | for "a" in x: ...
  |     ^^^ Syntax Error: Invalid assignment target
3 | for *x and y in z: ...
4 | for *x | y in z: ...
  |


  |
1 | for 1 in x: ...
2 | for "a" in x: ...
3 | for *x and y in z: ...
  |      ^^^^^^^ Syntax Error: Invalid assignment target
4 | for *x | y in z: ...
5 | for await x in z: ...
  |


  |
2 | for "a" in x: ...
3 | for *x and y in z: ...
4 | for *x | y in z: ...
  |      ^^^^^ Syntax Error: Invalid assignment target
5 | for await x in z: ...
6 | for yield x in y: ...
  |


  |
3 | for *x and y in z: ...
4 | for *x | y in z: ...
5 | for await x in z: ...
  |     ^^^^^^^ Syntax Error: Invalid assignment target
6 | for yield x in y: ...
7 | for [x, 1, y, *["a"]] in z: ...
  |


  |
4 | for *x | y in z: ...
5 | for await x in z: ...
6 | for yield x in y: ...
  |     ^^^^^^^^^^^^ Syntax Error: Yield expression cannot be used here
7 | for [x, 1, y, *["a"]] in z: ...
  |


  |
4 | for *x | y in z: ...
5 | for await x in z: ...
6 | for yield x in y: ...
  |                 ^ Syntax Error: Expected 'in', found ':'
7 | for [x, 1, y, *["a"]] in z: ...
  |


  |
5 | for await x in z: ...
6 | for yield x in y: ...
7 | for [x, 1, y, *["a"]] in z: ...
  |         ^ Syntax Error: Invalid assignment target
  |


  |
5 | for await x in z: ...
6 | for yield x in y: ...
7 | for [x, 1, y, *["a"]] in z: ...
  |                 ^^^ Syntax Error: Invalid assignment target
  |
