---
source: crates/sith_python_parser/tests/fixtures.rs
input_file: crates/sith_python_parser/resources/valid/expressions/attribute.py
---
## AST

```
Module(
    ModModule {
        range: 0..90,
        body: [
            Expr(
                ExprStmt {
                    range: 0..10,
                    value: Attribute(
                        AttributeExpr {
                            range: 0..10,
                            value: Name(
                                NameExpr {
                                    range: 0..5,
                                    id: Name("value"),
                                    ctx: Load,
                                },
                            ),
                            attr: Identifier {
                                id: Name("attr"),
                                range: 6..10,
                            },
                            ctx: Load,
                        },
                    ),
                },
            ),
            Expr(
                ExprStmt {
                    range: 11..23,
                    value: Call(
                        CallExpr {
                            range: 11..23,
                            func: Attribute(
                                AttributeExpr {
                                    range: 11..21,
                                    value: Name(
                                        NameExpr {
                                            range: 11..16,
                                            id: Name("value"),
                                            ctx: Load,
                                        },
                                    ),
                                    attr: Identifier {
                                        id: Name("attr"),
                                        range: 17..21,
                                    },
                                    ctx: Load,
                                },
                            ),
                            arguments: Arguments {
                                range: 21..23,
                                args: [],
                                keywords: [],
                            },
                        },
                    ),
                },
            ),
            Expr(
                ExprStmt {
                    range: 24..36,
                    value: Attribute(
                        AttributeExpr {
                            range: 24..36,
                            value: Call(
                                CallExpr {
                                    range: 24..31,
                                    func: Name(
                                        NameExpr {
                                            range: 24..29,
                                            id: Name("value"),
                                            ctx: Load,
                                        },
                                    ),
                                    arguments: Arguments {
                                        range: 29..31,
                                        args: [],
                                        keywords: [],
                                    },
                                },
                            ),
                            attr: Identifier {
                                id: Name("attr"),
                                range: 32..36,
                            },
                            ctx: Load,
                        },
                    ),
                },
            ),
            Expr(
                ExprStmt {
                    range: 37..55,
                    value: Attribute(
                        AttributeExpr {
                            range: 37..55,
                            value: Call(
                                CallExpr {
                                    range: 37..51,
                                    func: Attribute(
                                        AttributeExpr {
                                            range: 37..49,
                                            value: Call(
                                                CallExpr {
                                                    range: 37..44,
                                                    func: Name(
                                                        NameExpr {
                                                            range: 37..42,
                                                            id: Name("value"),
                                                            ctx: Load,
                                                        },
                                                    ),
                                                    arguments: Arguments {
                                                        range: 42..44,
                                                        args: [],
                                                        keywords: [],
                                                    },
                                                },
                                            ),
                                            attr: Identifier {
                                                id: Name("attr"),
                                                range: 45..49,
                                            },
                                            ctx: Load,
                                        },
                                    ),
                                    arguments: Arguments {
                                        range: 49..51,
                                        args: [],
                                        keywords: [],
                                    },
                                },
                            ),
                            attr: Identifier {
                                id: Name("foo"),
                                range: 52..55,
                            },
                            ctx: Load,
                        },
                    ),
                },
            ),
            Expr(
                ExprStmt {
                    range: 56..70,
                    value: Attribute(
                        AttributeExpr {
                            range: 56..70,
                            value: Attribute(
                                AttributeExpr {
                                    range: 56..66,
                                    value: Name(
                                        NameExpr {
                                            range: 56..61,
                                            id: Name("value"),
                                            ctx: Load,
                                        },
                                    ),
                                    attr: Identifier {
                                        id: Name("attr"),
                                        range: 62..66,
                                    },
                                    ctx: Load,
                                },
                            ),
                            attr: Identifier {
                                id: Name("foo"),
                                range: 67..70,
                            },
                            ctx: Load,
                        },
                    ),
                },
            ),
            Expr(
                ExprStmt {
                    range: 71..89,
                    value: Attribute(
                        AttributeExpr {
                            range: 71..89,
                            value: Call(
                                CallExpr {
                                    range: 71..85,
                                    func: Attribute(
                                        AttributeExpr {
                                            range: 71..83,
                                            value: Name(
                                                NameExpr {
                                                    range: 72..77,
                                                    id: Name("value"),
                                                    ctx: Load,
                                                },
                                            ),
                                            attr: Identifier {
                                                id: Name("attr"),
                                                range: 79..83,
                                            },
                                            ctx: Load,
                                        },
                                    ),
                                    arguments: Arguments {
                                        range: 83..85,
                                        args: [],
                                        keywords: [],
                                    },
                                },
                            ),
                            attr: Identifier {
                                id: Name("foo"),
                                range: 86..89,
                            },
                            ctx: Load,
                        },
                    ),
                },
            ),
        ],
    },
)
```
