---
source: crates/sith_python_parser/tests/fixtures.rs
input_file: crates/sith_python_parser/resources/valid/expressions/parenthesized.py
---
## AST

```
Module(
    ModModule {
        range: 0..92,
        body: [
            Expr(
                ExprStmt {
                    range: 0..6,
                    value: Name(
                        NameExpr {
                            range: 1..5,
                            id: Name("expr"),
                            ctx: Load,
                        },
                    ),
                },
            ),
            Expr(
                ExprStmt {
                    range: 7..15,
                    value: Call(
                        CallExpr {
                            range: 7..15,
                            func: Name(
                                NameExpr {
                                    range: 8..12,
                                    id: Name("expr"),
                                    ctx: Load,
                                },
                            ),
                            arguments: Arguments {
                                range: 13..15,
                                args: [],
                                keywords: [],
                            },
                        },
                    ),
                },
            ),
            Expr(
                ExprStmt {
                    range: 16..28,
                    value: Call(
                        CallExpr {
                            range: 16..28,
                            func: Call(
                                CallExpr {
                                    range: 16..26,
                                    func: Call(
                                        CallExpr {
                                            range: 16..24,
                                            func: Name(
                                                NameExpr {
                                                    range: 17..21,
                                                    id: Name("expr"),
                                                    ctx: Load,
                                                },
                                            ),
                                            arguments: Arguments {
                                                range: 22..24,
                                                args: [],
                                                keywords: [],
                                            },
                                        },
                                    ),
                                    arguments: Arguments {
                                        range: 24..26,
                                        args: [],
                                        keywords: [],
                                    },
                                },
                            ),
                            arguments: Arguments {
                                range: 26..28,
                                args: [],
                                keywords: [],
                            },
                        },
                    ),
                },
            ),
            Expr(
                ExprStmt {
                    range: 30..44,
                    value: BoolOp(
                        BoolOpExpr {
                            range: 31..43,
                            op: Or,
                            values: [
                                BoolOp(
                                    BoolOpExpr {
                                        range: 31..38,
                                        op: And,
                                        values: [
                                            Name(
                                                NameExpr {
                                                    range: 31..32,
                                                    id: Name("a"),
                                                    ctx: Load,
                                                },
                                            ),
                                            Name(
                                                NameExpr {
                                                    range: 37..38,
                                                    id: Name("b"),
                                                    ctx: Load,
                                                },
                                            ),
                                        ],
                                    },
                                ),
                                Name(
                                    NameExpr {
                                        range: 42..43,
                                        id: Name("c"),
                                        ctx: Load,
                                    },
                                ),
                            ],
                        },
                    ),
                },
            ),
            Expr(
                ExprStmt {
                    range: 45..58,
                    value: Lambda(
                        LambdaExpr {
                            range: 46..57,
                            parameters: Some(
                                Parameters {
                                    range: 53..54,
                                    posonlyargs: [],
                                    args: [
                                        ParameterWithDefault {
                                            range: 53..54,
                                            parameter: Parameter {
                                                range: 53..54,
                                                name: Identifier {
                                                    id: Name("x"),
                                                    range: 53..54,
                                                },
                                                annotation: None,
                                            },
                                            default: None,
                                        },
                                    ],
                                    vararg: None,
                                    kwonlyargs: [],
                                    kwarg: None,
                                },
                            ),
                            body: Name(
                                NameExpr {
                                    range: 56..57,
                                    id: Name("x"),
                                    ctx: Load,
                                },
                            ),
                        },
                    ),
                },
            ),
            Expr(
                ExprStmt {
                    range: 59..67,
                    value: Named(
                        NamedExpr {
                            range: 60..66,
                            target: Name(
                                NameExpr {
                                    range: 60..61,
                                    id: Name("x"),
                                    ctx: Store,
                                },
                            ),
                            value: NumberLiteral(
                                NumberLiteralExpr {
                                    range: 65..66,
                                    value: Int(
                                        2,
                                    ),
                                },
                            ),
                        },
                    ),
                },
            ),
            Expr(
                ExprStmt {
                    range: 68..77,
                    value: Yield(
                        YieldExpr {
                            range: 69..76,
                            value: Some(
                                Name(
                                    NameExpr {
                                        range: 75..76,
                                        id: Name("x"),
                                        ctx: Load,
                                    },
                                ),
                            ),
                        },
                    ),
                },
            ),
            Expr(
                ExprStmt {
                    range: 78..92,
                    value: YieldFrom(
                        YieldFromExpr {
                            range: 79..91,
                            value: Name(
                                NameExpr {
                                    range: 90..91,
                                    id: Name("x"),
                                    ctx: Load,
                                },
                            ),
                        },
                    ),
                },
            ),
        ],
    },
)
```
