---
source: crates/sith_python_parser/src/parser/tests.rs
expression: parsed.expr()
---
Name(
    NameExpr {
        range: 0..5,
        id: Name("first"),
        ctx: Load,
    },
)
