---
source: crates/sith_python_parser/src/parser/tests/parser.rs
expression: "parse(\"\na and b\na and b and c\na or b\na or b or c\na and b or c\n\")"
---
ParsedFile {
    ast: Module(
        ModModule {
            range: 0..55,
            body: [
                Expr(
                    ExprStmt {
                        range: 1..8,
                        value: BoolOp(
                            BoolOpExpr {
                                range: 1..8,
                                op: And,
                                values: [
                                    Name(
                                        NameExpr {
                                            range: 1..2,
                                            id: "a",
                                            ctx: Load,
                                        },
                                    ),
                                    Name(
                                        NameExpr {
                                            range: 7..8,
                                            id: "b",
                                            ctx: Load,
                                        },
                                    ),
                                ],
                            },
                        ),
                    },
                ),
                Expr(
                    ExprStmt {
                        range: 9..22,
                        value: BoolOp(
                            BoolOpExpr {
                                range: 9..22,
                                op: And,
                                values: [
                                    Name(
                                        NameExpr {
                                            range: 9..10,
                                            id: "a",
                                            ctx: Load,
                                        },
                                    ),
                                    Name(
                                        NameExpr {
                                            range: 15..16,
                                            id: "b",
                                            ctx: Load,
                                        },
                                    ),
                                    Name(
                                        NameExpr {
                                            range: 21..22,
                                            id: "c",
                                            ctx: Load,
                                        },
                                    ),
                                ],
                            },
                        ),
                    },
                ),
                Expr(
                    ExprStmt {
                        range: 23..29,
                        value: BoolOp(
                            BoolOpExpr {
                                range: 23..29,
                                op: Or,
                                values: [
                                    Name(
                                        NameExpr {
                                            range: 23..24,
                                            id: "a",
                                            ctx: Load,
                                        },
                                    ),
                                    Name(
                                        NameExpr {
                                            range: 28..29,
                                            id: "b",
                                            ctx: Load,
                                        },
                                    ),
                                ],
                            },
                        ),
                    },
                ),
                Expr(
                    ExprStmt {
                        range: 30..41,
                        value: BoolOp(
                            BoolOpExpr {
                                range: 30..41,
                                op: Or,
                                values: [
                                    Name(
                                        NameExpr {
                                            range: 30..31,
                                            id: "a",
                                            ctx: Load,
                                        },
                                    ),
                                    Name(
                                        NameExpr {
                                            range: 35..36,
                                            id: "b",
                                            ctx: Load,
                                        },
                                    ),
                                    Name(
                                        NameExpr {
                                            range: 40..41,
                                            id: "c",
                                            ctx: Load,
                                        },
                                    ),
                                ],
                            },
                        ),
                    },
                ),
                Expr(
                    ExprStmt {
                        range: 42..54,
                        value: BoolOp(
                            BoolOpExpr {
                                range: 42..54,
                                op: Or,
                                values: [
                                    BoolOp(
                                        BoolOpExpr {
                                            range: 42..49,
                                            op: And,
                                            values: [
                                                Name(
                                                    NameExpr {
                                                        range: 42..43,
                                                        id: "a",
                                                        ctx: Load,
                                                    },
                                                ),
                                                Name(
                                                    NameExpr {
                                                        range: 48..49,
                                                        id: "b",
                                                        ctx: Load,
                                                    },
                                                ),
                                            ],
                                        },
                                    ),
                                    Name(
                                        NameExpr {
                                            range: 53..54,
                                            id: "c",
                                            ctx: Load,
                                        },
                                    ),
                                ],
                            },
                        ),
                    },
                ),
            ],
        },
    ),
    parse_errors: [],
}
