---
source: crates/sith_python_parser/src/parser/tests/context.rs
expression: parse_ast
---
(
    [
        Delete(
            DeleteStmt {
                range: 0..5,
                targets: [
                    Name(
                        NameExpr {
                            range: 4..5,
                            id: "x",
                            ctx: Del,
                        },
                    ),
                ],
            },
        ),
    ],
    [],
)
