---
source: crates/sith_python_parser/src/string.rs
expression: suite
---
[
    Expr(
        ExprStmt {
            range: 0..22,
            value: FString(
                FStringExpr {
                    range: 0..22,
                    value: FStringValue {
                        inner: Concatenated(
                            [
                                Literal(
                                    StringLiteral {
                                        range: 0..8,
                                        value: "Hello ",
                                        flags: StringLiteralFlags {
                                            prefix: Empty,
                                            triple_quoted: false,
                                        },
                                    },
                                ),
                                FString(
                                    FString {
                                        range: 9..22,
                                        elements: [
                                            Literal(
                                                FStringLiteralElement {
                                                    range: 11..16,
                                                    value: "world",
                                                },
                                            ),
                                            Expression(
                                                FStringExpressionElement {
                                                    range: 16..21,
                                                    expression: StringLiteral(
                                                        StringLiteralExpr {
                                                            range: 17..20,
                                                            value: StringLiteralValue {
                                                                inner: Single(
                                                                    StringLiteral {
                                                                        range: 17..20,
                                                                        value: "!",
                                                                        flags: StringLiteralFlags {
                                                                            prefix: Empty,
                                                                            triple_quoted: false,
                                                                        },
                                                                    },
                                                                ),
                                                            },
                                                        },
                                                    ),
                                                    debug_text: None,
                                                    conversion: None,
                                                    format_spec: None,
                                                },
                                            ),
                                        ],
                                        flags: FStringFlags {
                                            prefix: Regular,
                                            triple_quoted: false,
                                        },
                                    },
                                ),
                            ],
                        ),
                    },
                },
            ),
        },
    ),
]
