---
source: crates/sith_python_parser/src/string.rs
expression: error
---
ParseError {
    error: Lexical(
        InvalidByteLiteral,
    ),
    location: 6..10,
}
